// Jest Snapshot v1, https://goo.gl/fbAQLP

exports[`Home Snapshot Comprobar la UI del container Home 1`] = `
<section
  className="hero"
>
  <div
    className="hero__text"
  >
    <h1>
      Hello
      <span>
        World
      </span>
    </h1>
    <h3>
      Lorem ipsum dolor sit amet, actetur adipiscing elit.
      <br />
      Aenean
      <span>
        dolor
      </span>
      nisi.
    </h3>
    <div
      className="hero--button"
    >
      <button
        type="button"
      >
        Button
      </button>
    </div>
  </div>
  <div
    className="hero__image"
  >
    <img
      alt="figure"
      src=""
    />
  </div>
</section>
`;
